------------------------------------------------------------
Timing Analyzer Summary
------------------------------------------------------------

Type  : Slow 1100mV 85C Model Setup 'clk_vga'
Slack : -12.440
TNS   : -295.997

Type  : Slow 1100mV 85C Model Setup 'CLOCK_50'
Slack : 9.172
TNS   : 0.000

Type  : Slow 1100mV 85C Model Setup 'u_rtl_top|ppu_top_i|pll|vga_pll_inst|altera_pll_i|general[0].gpll~PLL_OUTPUT_COUNTER|divclk'
Slack : 9.348
TNS   : 0.000

Type  : Slow 1100mV 85C Model Hold 'CLOCK_50'
Slack : 0.287
TNS   : 0.000

Type  : Slow 1100mV 85C Model Hold 'u_rtl_top|ppu_top_i|pll|vga_pll_inst|altera_pll_i|general[0].gpll~PLL_OUTPUT_COUNTER|divclk'
Slack : 0.363
TNS   : 0.000

Type  : Slow 1100mV 85C Model Hold 'clk_vga'
Slack : 8.389
TNS   : 0.000

Type  : Slow 1100mV 85C Model Minimum Pulse Width 'u_rtl_top|ppu_top_i|pll|vga_pll_inst|altera_pll_i|general[0].gpll~FRACTIONAL_PLL|vcoph[0]'
Slack : 1.666
TNS   : 0.000

Type  : Slow 1100mV 85C Model Minimum Pulse Width 'CLOCK_50'
Slack : 8.965
TNS   : 0.000

Type  : Slow 1100mV 85C Model Minimum Pulse Width 'u_rtl_top|ppu_top_i|pll|vga_pll_inst|altera_pll_i|general[0].gpll~PLL_OUTPUT_COUNTER|divclk'
Slack : 18.759
TNS   : 0.000

Type  : Slow 1100mV 0C Model Setup 'clk_vga'
Slack : -12.090
TNS   : -289.964

Type  : Slow 1100mV 0C Model Setup 'CLOCK_50'
Slack : 9.422
TNS   : 0.000

Type  : Slow 1100mV 0C Model Setup 'u_rtl_top|ppu_top_i|pll|vga_pll_inst|altera_pll_i|general[0].gpll~PLL_OUTPUT_COUNTER|divclk'
Slack : 9.639
TNS   : 0.000

Type  : Slow 1100mV 0C Model Hold 'CLOCK_50'
Slack : 0.282
TNS   : 0.000

Type  : Slow 1100mV 0C Model Hold 'u_rtl_top|ppu_top_i|pll|vga_pll_inst|altera_pll_i|general[0].gpll~PLL_OUTPUT_COUNTER|divclk'
Slack : 0.375
TNS   : 0.000

Type  : Slow 1100mV 0C Model Hold 'clk_vga'
Slack : 8.244
TNS   : 0.000

Type  : Slow 1100mV 0C Model Minimum Pulse Width 'u_rtl_top|ppu_top_i|pll|vga_pll_inst|altera_pll_i|general[0].gpll~FRACTIONAL_PLL|vcoph[0]'
Slack : 1.666
TNS   : 0.000

Type  : Slow 1100mV 0C Model Minimum Pulse Width 'CLOCK_50'
Slack : 9.001
TNS   : 0.000

Type  : Slow 1100mV 0C Model Minimum Pulse Width 'u_rtl_top|ppu_top_i|pll|vga_pll_inst|altera_pll_i|general[0].gpll~PLL_OUTPUT_COUNTER|divclk'
Slack : 18.742
TNS   : 0.000

Type  : Fast 1100mV 85C Model Setup 'clk_vga'
Slack : -7.450
TNS   : -177.655

Type  : Fast 1100mV 85C Model Setup 'u_rtl_top|ppu_top_i|pll|vga_pll_inst|altera_pll_i|general[0].gpll~PLL_OUTPUT_COUNTER|divclk'
Slack : 12.828
TNS   : 0.000

Type  : Fast 1100mV 85C Model Setup 'CLOCK_50'
Slack : 12.919
TNS   : 0.000

Type  : Fast 1100mV 85C Model Hold 'u_rtl_top|ppu_top_i|pll|vga_pll_inst|altera_pll_i|general[0].gpll~PLL_OUTPUT_COUNTER|divclk'
Slack : 0.177
TNS   : 0.000

Type  : Fast 1100mV 85C Model Hold 'CLOCK_50'
Slack : 0.185
TNS   : 0.000

Type  : Fast 1100mV 85C Model Hold 'clk_vga'
Slack : 4.417
TNS   : 0.000

Type  : Fast 1100mV 85C Model Minimum Pulse Width 'u_rtl_top|ppu_top_i|pll|vga_pll_inst|altera_pll_i|general[0].gpll~FRACTIONAL_PLL|vcoph[0]'
Slack : 1.666
TNS   : 0.000

Type  : Fast 1100mV 85C Model Minimum Pulse Width 'CLOCK_50'
Slack : 8.533
TNS   : 0.000

Type  : Fast 1100mV 85C Model Minimum Pulse Width 'u_rtl_top|ppu_top_i|pll|vga_pll_inst|altera_pll_i|general[0].gpll~PLL_OUTPUT_COUNTER|divclk'
Slack : 18.880
TNS   : 0.000

Type  : Fast 1100mV 0C Model Setup 'clk_vga'
Slack : -7.033
TNS   : -168.927

Type  : Fast 1100mV 0C Model Setup 'CLOCK_50'
Slack : 13.749
TNS   : 0.000

Type  : Fast 1100mV 0C Model Setup 'u_rtl_top|ppu_top_i|pll|vga_pll_inst|altera_pll_i|general[0].gpll~PLL_OUTPUT_COUNTER|divclk'
Slack : 13.796
TNS   : 0.000

Type  : Fast 1100mV 0C Model Hold 'CLOCK_50'
Slack : 0.165
TNS   : 0.000

Type  : Fast 1100mV 0C Model Hold 'u_rtl_top|ppu_top_i|pll|vga_pll_inst|altera_pll_i|general[0].gpll~PLL_OUTPUT_COUNTER|divclk'
Slack : 0.168
TNS   : 0.000

Type  : Fast 1100mV 0C Model Hold 'clk_vga'
Slack : 4.102
TNS   : 0.000

Type  : Fast 1100mV 0C Model Minimum Pulse Width 'u_rtl_top|ppu_top_i|pll|vga_pll_inst|altera_pll_i|general[0].gpll~FRACTIONAL_PLL|vcoph[0]'
Slack : 1.666
TNS   : 0.000

Type  : Fast 1100mV 0C Model Minimum Pulse Width 'CLOCK_50'
Slack : 8.484
TNS   : 0.000

Type  : Fast 1100mV 0C Model Minimum Pulse Width 'u_rtl_top|ppu_top_i|pll|vga_pll_inst|altera_pll_i|general[0].gpll~PLL_OUTPUT_COUNTER|divclk'
Slack : 18.881
TNS   : 0.000

------------------------------------------------------------
