Analysis & Synthesis report for rtl_top_test
Tue Apr 15 22:28:23 2025
Quartus Prime Version 23.1std.0 Build 991 11/28/2023 SC Lite Edition


---------------------
; Table of Contents ;
---------------------
  1. Legal Notice
  2. Analysis & Synthesis Summary
  3. Analysis & Synthesis Settings
  4. Parallel Compilation
  5. Analysis & Synthesis Source Files Read
  6. Analysis & Synthesis Resource Usage Summary
  7. Analysis & Synthesis Resource Utilization by Entity
  8. Registers Removed During Synthesis
  9. General Register Statistics
 10. Multiplexer Restructuring Statistics (Restructuring Performed)
 11. Port Connectivity Checks: "rtl_top:u_rtl_top|spart_top:spart_top_i|driver:driver0"
 12. Port Connectivity Checks: "rtl_top:u_rtl_top|spart_top:spart_top_i"
 13. Post-Synthesis Netlist Statistics for Top Partition
 14. Elapsed Time Per Partition
 15. Analysis & Synthesis Messages
 16. Analysis & Synthesis Suppressed Messages



----------------
; Legal Notice ;
----------------
Copyright (C) 2023  Intel Corporation. All rights reserved.
Your use of Intel Corporation's design tools, logic functions 
and other software and tools, and any partner logic 
functions, and any output files from any of the foregoing 
(including device programming or simulation files), and any 
associated documentation or information are expressly subject 
to the terms and conditions of the Intel Program License 
Subscription Agreement, the Intel Quartus Prime License Agreement,
the Intel FPGA IP License Agreement, or other applicable license
agreement, including, without limitation, that your use is for
the sole purpose of programming logic devices manufactured by
Intel and sold by Intel or its authorized distributors.  Please
refer to the applicable agreement for further details, at
https://fpgasoftware.intel.com/eula.



+----------------------------------------------------------------------------------+
; Analysis & Synthesis Summary                                                     ;
+---------------------------------+------------------------------------------------+
; Analysis & Synthesis Status     ; Successful - Tue Apr 15 22:28:23 2025          ;
; Quartus Prime Version           ; 23.1std.0 Build 991 11/28/2023 SC Lite Edition ;
; Revision Name                   ; rtl_top_test                                   ;
; Top-level Entity Name           ; rtl_top_test                                   ;
; Family                          ; Cyclone V                                      ;
; Logic utilization (in ALMs)     ; N/A                                            ;
; Total registers                 ; 62                                             ;
; Total pins                      ; 139                                            ;
; Total virtual pins              ; 0                                              ;
; Total block memory bits         ; 0                                              ;
; Total DSP Blocks                ; 0                                              ;
; Total HSSI RX PCSs              ; 0                                              ;
; Total HSSI PMA RX Deserializers ; 0                                              ;
; Total HSSI TX PCSs              ; 0                                              ;
; Total HSSI PMA TX Serializers   ; 0                                              ;
; Total PLLs                      ; 0                                              ;
; Total DLLs                      ; 0                                              ;
+---------------------------------+------------------------------------------------+


+---------------------------------------------------------------------------------------------------------------------------+
; Analysis & Synthesis Settings                                                                                             ;
+---------------------------------------------------------------------------------+--------------------+--------------------+
; Option                                                                          ; Setting            ; Default Value      ;
+---------------------------------------------------------------------------------+--------------------+--------------------+
; Device                                                                          ; 5CSEMA5F31C6       ;                    ;
; Top-level entity name                                                           ; rtl_top_test       ; rtl_top_test       ;
; Family name                                                                     ; Cyclone V          ; Cyclone V          ;
; Use smart compilation                                                           ; Off                ; Off                ;
; Enable parallel Assembler and Timing Analyzer during compilation                ; On                 ; On                 ;
; Enable compact report table                                                     ; Off                ; Off                ;
; Restructure Multiplexers                                                        ; Auto               ; Auto               ;
; MLAB Add Timing Constraints For Mixed-Port Feed-Through Mode Setting Don't Care ; Off                ; Off                ;
; Create Debugging Nodes for IP Cores                                             ; Off                ; Off                ;
; Preserve fewer node names                                                       ; On                 ; On                 ;
; Intel FPGA IP Evaluation Mode                                                   ; Enable             ; Enable             ;
; Verilog Version                                                                 ; Verilog_2001       ; Verilog_2001       ;
; VHDL Version                                                                    ; VHDL_1993          ; VHDL_1993          ;
; State Machine Processing                                                        ; Auto               ; Auto               ;
; Safe State Machine                                                              ; Off                ; Off                ;
; Extract Verilog State Machines                                                  ; On                 ; On                 ;
; Extract VHDL State Machines                                                     ; On                 ; On                 ;
; Ignore Verilog initial constructs                                               ; Off                ; Off                ;
; Iteration limit for constant Verilog loops                                      ; 5000               ; 5000               ;
; Iteration limit for non-constant Verilog loops                                  ; 250                ; 250                ;
; Add Pass-Through Logic to Inferred RAMs                                         ; On                 ; On                 ;
; Infer RAMs from Raw Logic                                                       ; On                 ; On                 ;
; Parallel Synthesis                                                              ; On                 ; On                 ;
; DSP Block Balancing                                                             ; Auto               ; Auto               ;
; NOT Gate Push-Back                                                              ; On                 ; On                 ;
; Power-Up Don't Care                                                             ; On                 ; On                 ;
; Remove Redundant Logic Cells                                                    ; Off                ; Off                ;
; Remove Duplicate Registers                                                      ; On                 ; On                 ;
; Ignore CARRY Buffers                                                            ; Off                ; Off                ;
; Ignore CASCADE Buffers                                                          ; Off                ; Off                ;
; Ignore GLOBAL Buffers                                                           ; Off                ; Off                ;
; Ignore ROW GLOBAL Buffers                                                       ; Off                ; Off                ;
; Ignore LCELL Buffers                                                            ; Off                ; Off                ;
; Ignore SOFT Buffers                                                             ; On                 ; On                 ;
; Limit AHDL Integers to 32 Bits                                                  ; Off                ; Off                ;
; Optimization Technique                                                          ; Balanced           ; Balanced           ;
; Carry Chain Length                                                              ; 70                 ; 70                 ;
; Auto Carry Chains                                                               ; On                 ; On                 ;
; Auto Open-Drain Pins                                                            ; On                 ; On                 ;
; Perform WYSIWYG Primitive Resynthesis                                           ; Off                ; Off                ;
; Auto ROM Replacement                                                            ; On                 ; On                 ;
; Auto RAM Replacement                                                            ; On                 ; On                 ;
; Auto DSP Block Replacement                                                      ; On                 ; On                 ;
; Auto Shift Register Replacement                                                 ; Auto               ; Auto               ;
; Allow Shift Register Merging across Hierarchies                                 ; Auto               ; Auto               ;
; Auto Clock Enable Replacement                                                   ; On                 ; On                 ;
; Strict RAM Replacement                                                          ; Off                ; Off                ;
; Allow Synchronous Control Signals                                               ; On                 ; On                 ;
; Force Use of Synchronous Clear Signals                                          ; Off                ; Off                ;
; Auto Resource Sharing                                                           ; Off                ; Off                ;
; Allow Any RAM Size For Recognition                                              ; Off                ; Off                ;
; Allow Any ROM Size For Recognition                                              ; Off                ; Off                ;
; Allow Any Shift Register Size For Recognition                                   ; Off                ; Off                ;
; Use LogicLock Constraints during Resource Balancing                             ; On                 ; On                 ;
; Ignore translate_off and synthesis_off directives                               ; Off                ; Off                ;
; Timing-Driven Synthesis                                                         ; On                 ; On                 ;
; Report Parameter Settings                                                       ; On                 ; On                 ;
; Report Source Assignments                                                       ; On                 ; On                 ;
; Report Connectivity Checks                                                      ; On                 ; On                 ;
; Ignore Maximum Fan-Out Assignments                                              ; Off                ; Off                ;
; Synchronization Register Chain Length                                           ; 3                  ; 3                  ;
; Power Optimization During Synthesis                                             ; Normal compilation ; Normal compilation ;
; HDL message level                                                               ; Level2             ; Level2             ;
; Suppress Register Optimization Related Messages                                 ; Off                ; Off                ;
; Number of Removed Registers Reported in Synthesis Report                        ; 5000               ; 5000               ;
; Number of Swept Nodes Reported in Synthesis Report                              ; 5000               ; 5000               ;
; Number of Inverted Registers Reported in Synthesis Report                       ; 100                ; 100                ;
; Clock MUX Protection                                                            ; On                 ; On                 ;
; Auto Gated Clock Conversion                                                     ; Off                ; Off                ;
; Block Design Naming                                                             ; Auto               ; Auto               ;
; SDC constraint protection                                                       ; Off                ; Off                ;
; Synthesis Effort                                                                ; Auto               ; Auto               ;
; Shift Register Replacement - Allow Asynchronous Clear Signal                    ; On                 ; On                 ;
; Pre-Mapping Resynthesis Optimization                                            ; Off                ; Off                ;
; Analysis & Synthesis Message Level                                              ; Medium             ; Medium             ;
; Disable Register Merging Across Hierarchies                                     ; Auto               ; Auto               ;
; Resource Aware Inference For Block RAM                                          ; On                 ; On                 ;
; Automatic Parallel Synthesis                                                    ; On                 ; On                 ;
; Partial Reconfiguration Bitstream ID                                            ; Off                ; Off                ;
+---------------------------------------------------------------------------------+--------------------+--------------------+


+------------------------------------------+
; Parallel Compilation                     ;
+----------------------------+-------------+
; Processors                 ; Number      ;
+----------------------------+-------------+
; Number detected on machine ; 20          ;
; Maximum allowed            ; 14          ;
;                            ;             ;
; Average used               ; 1.00        ;
; Maximum used               ; 14          ;
;                            ;             ;
; Usage by Processor         ; % Time Used ;
;     Processor 1            ; 100.0%      ;
;     Processors 2-14        ;   0.0%      ;
+----------------------------+-------------+


+-----------------------------------------------------------------------------------------------------------------------------------------------+
; Analysis & Synthesis Source Files Read                                                                                                        ;
+----------------------------------+-----------------+------------------------------+-------------------------------------------------+---------+
; File Name with User-Entered Path ; Used in Netlist ; File Type                    ; File Name with Absolute Path                    ; Library ;
+----------------------------------+-----------------+------------------------------+-------------------------------------------------+---------+
; spart/spart_top.sv               ; yes             ; User SystemVerilog HDL File  ; I:/ece554/Battleship/Verilog/spart/spart_top.sv ;         ;
; spart/spart.sv                   ; yes             ; User SystemVerilog HDL File  ; I:/ece554/Battleship/Verilog/spart/spart.sv     ;         ;
; spart/driver.sv                  ; yes             ; User SystemVerilog HDL File  ; I:/ece554/Battleship/Verilog/spart/driver.sv    ;         ;
; spart/baud_rate.sv               ; yes             ; User SystemVerilog HDL File  ; I:/ece554/Battleship/Verilog/spart/baud_rate.sv ;         ;
; rtl_top_test.v                   ; yes             ; User Verilog HDL File        ; I:/ece554/Battleship/Verilog/rtl_top_test.v     ;         ;
; rtl_top.sv                       ; yes             ; User SystemVerilog HDL File  ; I:/ece554/Battleship/Verilog/rtl_top.sv         ;         ;
+----------------------------------+-----------------+------------------------------+-------------------------------------------------+---------+


+--------------------------------------------------------------+
; Analysis & Synthesis Resource Usage Summary                  ;
+---------------------------------------------+----------------+
; Resource                                    ; Usage          ;
+---------------------------------------------+----------------+
; Estimate of Logic utilization (ALMs needed) ; 46             ;
;                                             ;                ;
; Combinational ALUT usage for logic          ; 69             ;
;     -- 7 input functions                    ; 0              ;
;     -- 6 input functions                    ; 14             ;
;     -- 5 input functions                    ; 12             ;
;     -- 4 input functions                    ; 9              ;
;     -- <=3 input functions                  ; 34             ;
;                                             ;                ;
; Dedicated logic registers                   ; 62             ;
;                                             ;                ;
; I/O pins                                    ; 139            ;
;                                             ;                ;
; Total DSP Blocks                            ; 0              ;
;                                             ;                ;
; Maximum fan-out node                        ; CLOCK_50~input ;
; Maximum fan-out                             ; 62             ;
; Total fan-out                               ; 651            ;
; Average fan-out                             ; 1.45           ;
+---------------------------------------------+----------------+


+-----------------------------------------------------------------------------------------------------------------------------------------------------------------------------------------------------------------------------------------------------------+
; Analysis & Synthesis Resource Utilization by Entity                                                                                                                                                                                                       ;
+-------------------------------+---------------------+---------------------------+-------------------+------------+------+--------------+------------------------------------------------------------------------------------+--------------+--------------+
; Compilation Hierarchy Node    ; Combinational ALUTs ; Dedicated Logic Registers ; Block Memory Bits ; DSP Blocks ; Pins ; Virtual Pins ; Full Hierarchy Name                                                                ; Entity Name  ; Library Name ;
+-------------------------------+---------------------+---------------------------+-------------------+------------+------+--------------+------------------------------------------------------------------------------------+--------------+--------------+
; |rtl_top_test                 ; 69 (0)              ; 62 (0)                    ; 0                 ; 0          ; 139  ; 0            ; |rtl_top_test                                                                      ; rtl_top_test ; work         ;
;    |rtl_top:u_rtl_top|        ; 69 (4)              ; 62 (11)                   ; 0                 ; 0          ; 0    ; 0            ; |rtl_top_test|rtl_top:u_rtl_top                                                    ; rtl_top      ; work         ;
;       |spart_top:spart_top_i| ; 65 (0)              ; 51 (0)                    ; 0                 ; 0          ; 0    ; 0            ; |rtl_top_test|rtl_top:u_rtl_top|spart_top:spart_top_i                              ; spart_top    ; work         ;
;          |driver:driver0|     ; 3 (3)               ; 1 (1)                     ; 0                 ; 0          ; 0    ; 0            ; |rtl_top_test|rtl_top:u_rtl_top|spart_top:spart_top_i|driver:driver0               ; driver       ; work         ;
;          |spart:spart0|       ; 62 (36)             ; 50 (33)                   ; 0                 ; 0          ; 0    ; 0            ; |rtl_top_test|rtl_top:u_rtl_top|spart_top:spart_top_i|spart:spart0                 ; spart        ; work         ;
;             |baud_rate:baud0| ; 26 (26)             ; 17 (17)                   ; 0                 ; 0          ; 0    ; 0            ; |rtl_top_test|rtl_top:u_rtl_top|spart_top:spart_top_i|spart:spart0|baud_rate:baud0 ; baud_rate    ; work         ;
+-------------------------------+---------------------+---------------------------+-------------------+------------+------+--------------+------------------------------------------------------------------------------------+--------------+--------------+
Note: For table entries with two numbers listed, the numbers in parentheses indicate the number of resources of the given type used by the specific entity alone. The numbers listed outside of parentheses indicate the total resources of the given type used by the specific entity and all of its sub-entities in the hierarchy.


+------------------------------------------------------------------------------------------------------------------------------------------------------------+
; Registers Removed During Synthesis                                                                                                                         ;
+--------------------------------------------------------------------------+---------------------------------------------------------------------------------+
; Register name                                                            ; Reason for Removal                                                              ;
+--------------------------------------------------------------------------+---------------------------------------------------------------------------------+
; rtl_top:u_rtl_top|spart_top:spart_top_i|spart:spart0|tx_data_reg[5,6]    ; Merged with rtl_top:u_rtl_top|spart_top:spart_top_i|spart:spart0|tx_data_reg[0] ;
; rtl_top:u_rtl_top|spart_top:spart_top_i|spart:spart0|tx_data_reg[2..4,7] ; Merged with rtl_top:u_rtl_top|spart_top:spart_top_i|spart:spart0|tx_data_reg[1] ;
; rtl_top:u_rtl_top|spart_top:spart_top_i|spart:spart0|tx_data_reg[1]      ; Stuck at GND due to stuck port data_in                                          ;
; Total Number of Removed Registers = 7                                    ;                                                                                 ;
+--------------------------------------------------------------------------+---------------------------------------------------------------------------------+


+------------------------------------------------------+
; General Register Statistics                          ;
+----------------------------------------------+-------+
; Statistic                                    ; Value ;
+----------------------------------------------+-------+
; Total registers                              ; 62    ;
; Number of registers using Synchronous Clear  ; 34    ;
; Number of registers using Synchronous Load   ; 10    ;
; Number of registers using Asynchronous Clear ; 0     ;
; Number of registers using Asynchronous Load  ; 0     ;
; Number of registers using Clock Enable       ; 30    ;
; Number of registers using Preset             ; 0     ;
+----------------------------------------------+-------+


+-----------------------------------------------------------------------------------------------------------------------------------------------------------------------------------------------------------+
; Multiplexer Restructuring Statistics (Restructuring Performed)                                                                                                                                            ;
+--------------------+-----------+---------------+----------------------+------------------------+------------+---------------------------------------------------------------------------------------------+
; Multiplexer Inputs ; Bus Width ; Baseline Area ; Area if Restructured ; Saving if Restructured ; Registered ; Example Multiplexer Output                                                                  ;
+--------------------+-----------+---------------+----------------------+------------------------+------------+---------------------------------------------------------------------------------------------+
; 3:1                ; 8 bits    ; 16 LEs        ; 0 LEs                ; 16 LEs                 ; Yes        ; |rtl_top_test|rtl_top:u_rtl_top|spart_top:spart_top_i|spart:spart0|recieve[1]               ;
; 3:1                ; 11 bits   ; 22 LEs        ; 0 LEs                ; 22 LEs                 ; Yes        ; |rtl_top_test|rtl_top:u_rtl_top|spart_top:spart_top_i|spart:spart0|baud_rate:baud0|count[6] ;
; 3:1                ; 5 bits    ; 10 LEs        ; 10 LEs               ; 0 LEs                  ; Yes        ; |rtl_top_test|rtl_top:u_rtl_top|spart_top:spart_top_i|spart:spart0|baud_rate:baud0|count[4] ;
; 4:1                ; 8 bits    ; 16 LEs        ; 0 LEs                ; 16 LEs                 ; Yes        ; |rtl_top_test|rtl_top:u_rtl_top|interrupt_board_ff[1]                                       ;
; 4:1                ; 5 bits    ; 10 LEs        ; 10 LEs               ; 0 LEs                  ; Yes        ; |rtl_top_test|rtl_top:u_rtl_top|spart_top:spart_top_i|spart:spart0|t_cnt[4]                 ;
; 4:1                ; 5 bits    ; 10 LEs        ; 10 LEs               ; 0 LEs                  ; Yes        ; |rtl_top_test|rtl_top:u_rtl_top|spart_top:spart_top_i|spart:spart0|r_cnt[3]                 ;
; 5:1                ; 4 bits    ; 12 LEs        ; 8 LEs                ; 4 LEs                  ; Yes        ; |rtl_top_test|rtl_top:u_rtl_top|spart_top:spart_top_i|spart:spart0|transmit[2]              ;
; 5:1                ; 3 bits    ; 9 LEs         ; 6 LEs                ; 3 LEs                  ; Yes        ; |rtl_top_test|rtl_top:u_rtl_top|spart_top:spart_top_i|spart:spart0|transmit[1]              ;
+--------------------+-----------+---------------+----------------------+------------------------+------------+---------------------------------------------------------------------------------------------+


+------------------------------------------------------------------------------------+
; Port Connectivity Checks: "rtl_top:u_rtl_top|spart_top:spart_top_i|driver:driver0" ;
+--------+-------+----------+--------------------------------------------------------+
; Port   ; Type  ; Severity ; Details                                                ;
+--------+-------+----------+--------------------------------------------------------+
; br_cfg ; Input ; Info     ; Stuck at VCC                                           ;
+--------+-------+----------+--------------------------------------------------------+


+----------------------------------------------------------------------------------------------------------------------------------------------------------------------------------------+
; Port Connectivity Checks: "rtl_top:u_rtl_top|spart_top:spart_top_i"                                                                                                                    ;
+----------------+--------+----------+---------------------------------------------------------------------------------------------------------------------------------------------------+
; Port           ; Type   ; Severity ; Details                                                                                                                                           ;
+----------------+--------+----------+---------------------------------------------------------------------------------------------------------------------------------------------------+
; tx_data        ; Input  ; Warning  ; Input port expression (8 bits) is smaller than the input port (32 bits) it drives.  Extra input bit(s) "tx_data[31..8]" will be connected to GND. ;
; rx_data[31..8] ; Output ; Info     ; Connected to dangling logic. Logic that only feeds a dangling port will be removed.                                                               ;
+----------------+--------+----------+---------------------------------------------------------------------------------------------------------------------------------------------------+


+-----------------------------------------------------+
; Post-Synthesis Netlist Statistics for Top Partition ;
+-----------------------+-----------------------------+
; Type                  ; Count                       ;
+-----------------------+-----------------------------+
; arriav_ff             ; 62                          ;
;     ENA               ; 11                          ;
;     ENA SCLR          ; 11                          ;
;     ENA SCLR SLD      ; 8                           ;
;     SCLR              ; 15                          ;
;     SLD               ; 2                           ;
;     plain             ; 15                          ;
; arriav_io_obuf        ; 40                          ;
; arriav_lcell_comb     ; 70                          ;
;     arith             ; 16                          ;
;         1 data inputs ; 16                          ;
;     normal            ; 54                          ;
;         0 data inputs ; 1                           ;
;         2 data inputs ; 8                           ;
;         3 data inputs ; 10                          ;
;         4 data inputs ; 9                           ;
;         5 data inputs ; 12                          ;
;         6 data inputs ; 14                          ;
; boundary_port         ; 139                         ;
;                       ;                             ;
; Max LUT depth         ; 3.30                        ;
; Average LUT depth     ; 1.34                        ;
+-----------------------+-----------------------------+


+-------------------------------+
; Elapsed Time Per Partition    ;
+----------------+--------------+
; Partition Name ; Elapsed Time ;
+----------------+--------------+
; Top            ; 00:00:00     ;
+----------------+--------------+


+-------------------------------+
; Analysis & Synthesis Messages ;
+-------------------------------+
Info: *******************************************************************
Info: Running Quartus Prime Analysis & Synthesis
    Info: Version 23.1std.0 Build 991 11/28/2023 SC Lite Edition
    Info: Processing started: Tue Apr 15 22:27:57 2025
Info: Command: quartus_map --read_settings_files=on --write_settings_files=off rtl_top_test -c rtl_top_test
Warning (18236): Number of processors has not been specified which may cause overloading on shared machines.  Set the global assignment NUM_PARALLEL_PROCESSORS in your QSF to an appropriate value for best performance.
Info (20030): Parallel compilation is enabled and will use 14 of the 14 processors detected
Info (12021): Found 1 design units, including 1 entities, in source file spart/spart_top.sv
    Info (12023): Found entity 1: spart_top File: I:/ece554/Battleship/Verilog/spart/spart_top.sv Line: 1
Info (12021): Found 1 design units, including 1 entities, in source file spart/spart.sv
    Info (12023): Found entity 1: spart File: I:/ece554/Battleship/Verilog/spart/spart.sv Line: 20
Info (12021): Found 1 design units, including 1 entities, in source file spart/driver.sv
    Info (12023): Found entity 1: driver File: I:/ece554/Battleship/Verilog/spart/driver.sv Line: 20
Info (12021): Found 1 design units, including 1 entities, in source file spart/baud_rate.sv
    Info (12023): Found entity 1: baud_rate File: I:/ece554/Battleship/Verilog/spart/baud_rate.sv Line: 1
Info (12021): Found 1 design units, including 1 entities, in source file keyboard/keyboard_controller.sv
    Info (12023): Found entity 1: keyboard File: I:/ece554/Battleship/Verilog/keyboard/keyboard_controller.sv Line: 1
Info (12021): Found 1 design units, including 1 entities, in source file ppu/vga_pll.v
    Info (12023): Found entity 1: vga_pll File: I:/ece554/Battleship/Verilog/ppu/vga_pll.v Line: 8
Info (12021): Found 1 design units, including 1 entities, in source file ppu/vga_pll/vga_pll_0002.v
    Info (12023): Found entity 1: vga_pll_0002 File: I:/ece554/Battleship/Verilog/ppu/vga_pll/vga_pll_0002.v Line: 2
Info (12021): Found 1 design units, including 1 entities, in source file ppu/vga_controller.v
    Info (12023): Found entity 1: vga_driver File: I:/ece554/Battleship/Verilog/ppu/VGA_Controller.v Line: 3
Info (12021): Found 1 design units, including 1 entities, in source file ppu/ship5_rom.v
    Info (12023): Found entity 1: ship5_rom File: I:/ece554/Battleship/Verilog/ppu/ship5_rom.v Line: 40
Info (12021): Found 1 design units, including 1 entities, in source file ppu/ship4_rom.v
    Info (12023): Found entity 1: ship4_rom File: I:/ece554/Battleship/Verilog/ppu/ship4_rom.v Line: 40
Info (12021): Found 1 design units, including 1 entities, in source file ppu/ship3_rom.v
    Info (12023): Found entity 1: ship3_rom File: I:/ece554/Battleship/Verilog/ppu/ship3_rom.v Line: 40
Info (12021): Found 1 design units, including 1 entities, in source file ppu/ship2_rom.v
    Info (12023): Found entity 1: ship2_rom File: I:/ece554/Battleship/Verilog/ppu/ship2_rom.v Line: 40
Info (12021): Found 1 design units, including 1 entities, in source file ppu/ppu_top.sv
    Info (12023): Found entity 1: ppu_top File: I:/ece554/Battleship/Verilog/ppu/ppu_top.sv Line: 6
Info (12021): Found 1 design units, including 1 entities, in source file ppu/ppu_demo.v
    Info (12023): Found entity 1: ppu_demo File: I:/ece554/Battleship/Verilog/ppu/ppu_demo.v Line: 6
Info (12021): Found 1 design units, including 1 entities, in source file ppu/ppu.sv
    Info (12023): Found entity 1: PPU File: I:/ece554/Battleship/Verilog/ppu/ppu.sv Line: 1
Info (12021): Found 1 design units, including 1 entities, in source file ppu/miss_ship_rom.v
    Info (12023): Found entity 1: miss_ship_rom File: I:/ece554/Battleship/Verilog/ppu/miss_ship_rom.v Line: 40
Info (12021): Found 1 design units, including 1 entities, in source file ppu/miss_player_rom.v
    Info (12023): Found entity 1: miss_player_rom File: I:/ece554/Battleship/Verilog/ppu/miss_player_rom.v Line: 40
Info (12021): Found 1 design units, including 1 entities, in source file ppu/hit_ship_rom.v
    Info (12023): Found entity 1: hit_ship_rom File: I:/ece554/Battleship/Verilog/ppu/hit_ship_rom.v Line: 40
Info (12021): Found 1 design units, including 1 entities, in source file ppu/hit_player_rom.v
    Info (12023): Found entity 1: hit_player_rom File: I:/ece554/Battleship/Verilog/ppu/hit_player_rom.v Line: 40
Info (12021): Found 1 design units, including 1 entities, in source file ppu/board_rom.v
    Info (12023): Found entity 1: board_rom File: I:/ece554/Battleship/Verilog/ppu/board_rom.v Line: 40
Info (12021): Found 1 design units, including 1 entities, in source file processor/registerfile.sv
    Info (12023): Found entity 1: registerfile File: I:/ece554/Battleship/Verilog/processor/registerfile.sv Line: 1
Info (12021): Found 1 design units, including 1 entities, in source file processor/proc.sv
    Info (12023): Found entity 1: proc File: I:/ece554/Battleship/Verilog/processor/proc.sv Line: 1
Info (12021): Found 1 design units, including 1 entities, in source file processor/placeholder_mem.sv
    Info (12023): Found entity 1: placeholder_mem File: I:/ece554/Battleship/Verilog/processor/placeholder_mem.sv Line: 1
Info (12021): Found 1 design units, including 1 entities, in source file processor/memory.sv
    Info (12023): Found entity 1: memory File: I:/ece554/Battleship/Verilog/processor/memory.sv Line: 3
Info (12021): Found 1 design units, including 1 entities, in source file processor/instruction_decoder.sv
    Info (12023): Found entity 1: instruction_decoder File: I:/ece554/Battleship/Verilog/processor/instruction_decoder.sv Line: 1
Info (12021): Found 1 design units, including 1 entities, in source file processor/inst_memory_wrapper.sv
    Info (12023): Found entity 1: inst_memory_wrapper File: I:/ece554/Battleship/Verilog/processor/inst_memory_wrapper.sv Line: 1
Info (12021): Found 1 design units, including 1 entities, in source file processor/imembank.v
    Info (12023): Found entity 1: imembank File: I:/ece554/Battleship/Verilog/processor/imembank.v Line: 40
Info (12021): Found 1 design units, including 1 entities, in source file processor/hazard.sv
    Info (12023): Found entity 1: hazard File: I:/ece554/Battleship/Verilog/processor/hazard.sv Line: 1
Info (12021): Found 1 design units, including 1 entities, in source file processor/forwarding.sv
    Info (12023): Found entity 1: forwarding File: I:/ece554/Battleship/Verilog/processor/forwarding.sv Line: 1
Info (12021): Found 1 design units, including 1 entities, in source file processor/fetch.sv
    Info (12023): Found entity 1: fetch File: I:/ece554/Battleship/Verilog/processor/fetch.sv Line: 1
Info (12021): Found 1 design units, including 1 entities, in source file processor/execute.sv
    Info (12023): Found entity 1: execute File: I:/ece554/Battleship/Verilog/processor/execute.sv Line: 1
Info (12021): Found 1 design units, including 1 entities, in source file processor/dmembank.v
    Info (12023): Found entity 1: dmembank File: I:/ece554/Battleship/Verilog/processor/dmembank.v Line: 40
Info (12021): Found 1 design units, including 1 entities, in source file processor/decode.sv
    Info (12023): Found entity 1: decode File: I:/ece554/Battleship/Verilog/processor/decode.sv Line: 1
Info (12021): Found 1 design units, including 1 entities, in source file processor/data_memory_wrapper.sv
    Info (12023): Found entity 1: data_memory_wrapper File: I:/ece554/Battleship/Verilog/processor/data_memory_wrapper.sv Line: 1
Info (12021): Found 1 design units, including 1 entities, in source file processor/branch_ctrl.sv
    Info (12023): Found entity 1: branch_ctrl File: I:/ece554/Battleship/Verilog/processor/branch_ctrl.sv Line: 1
Info (12021): Found 1 design units, including 1 entities, in source file processor/alu.sv
    Info (12023): Found entity 1: alu File: I:/ece554/Battleship/Verilog/processor/alu.sv Line: 1
Info (12021): Found 1 design units, including 1 entities, in source file rtl_top_test.v
    Info (12023): Found entity 1: rtl_top_test File: I:/ece554/Battleship/Verilog/rtl_top_test.v Line: 6
Info (12021): Found 1 design units, including 1 entities, in source file rtl_top.sv
    Info (12023): Found entity 1: rtl_top File: I:/ece554/Battleship/Verilog/rtl_top.sv Line: 1
Warning (10236): Verilog HDL Implicit Net warning at ppu_top.sv(95): created implicit net for "vga_clk" File: I:/ece554/Battleship/Verilog/ppu/ppu_top.sv Line: 95
Info (12127): Elaborating entity "rtl_top_test" for the top level hierarchy
Warning (10034): Output port "HEX0" at rtl_top_test.v(15) has no driver File: I:/ece554/Battleship/Verilog/rtl_top_test.v Line: 15
Warning (10034): Output port "HEX1" at rtl_top_test.v(16) has no driver File: I:/ece554/Battleship/Verilog/rtl_top_test.v Line: 16
Warning (10034): Output port "HEX2" at rtl_top_test.v(17) has no driver File: I:/ece554/Battleship/Verilog/rtl_top_test.v Line: 17
Warning (10034): Output port "HEX3" at rtl_top_test.v(18) has no driver File: I:/ece554/Battleship/Verilog/rtl_top_test.v Line: 18
Warning (10034): Output port "HEX4" at rtl_top_test.v(19) has no driver File: I:/ece554/Battleship/Verilog/rtl_top_test.v Line: 19
Warning (10034): Output port "HEX5" at rtl_top_test.v(20) has no driver File: I:/ece554/Battleship/Verilog/rtl_top_test.v Line: 20
Info (12128): Elaborating entity "rtl_top" for hierarchy "rtl_top:u_rtl_top" File: I:/ece554/Battleship/Verilog/rtl_top_test.v Line: 86
Warning (10034): Output port "VGA_B" at rtl_top.sv(15) has no driver File: I:/ece554/Battleship/Verilog/rtl_top.sv Line: 15
Warning (10034): Output port "VGA_G" at rtl_top.sv(17) has no driver File: I:/ece554/Battleship/Verilog/rtl_top.sv Line: 17
Warning (10034): Output port "VGA_R" at rtl_top.sv(19) has no driver File: I:/ece554/Battleship/Verilog/rtl_top.sv Line: 19
Warning (10034): Output port "VGA_BLANK_N" at rtl_top.sv(14) has no driver File: I:/ece554/Battleship/Verilog/rtl_top.sv Line: 14
Warning (10034): Output port "VGA_CLK" at rtl_top.sv(16) has no driver File: I:/ece554/Battleship/Verilog/rtl_top.sv Line: 16
Warning (10034): Output port "VGA_HS" at rtl_top.sv(18) has no driver File: I:/ece554/Battleship/Verilog/rtl_top.sv Line: 18
Warning (10034): Output port "VGA_SYNC_N" at rtl_top.sv(20) has no driver File: I:/ece554/Battleship/Verilog/rtl_top.sv Line: 20
Warning (10034): Output port "VGA_VS" at rtl_top.sv(21) has no driver File: I:/ece554/Battleship/Verilog/rtl_top.sv Line: 21
Info (12128): Elaborating entity "spart_top" for hierarchy "rtl_top:u_rtl_top|spart_top:spart_top_i" File: I:/ece554/Battleship/Verilog/rtl_top.sv Line: 75
Info (12128): Elaborating entity "spart" for hierarchy "rtl_top:u_rtl_top|spart_top:spart_top_i|spart:spart0" File: I:/ece554/Battleship/Verilog/spart/spart_top.sv Line: 31
Warning (10230): Verilog HDL assignment warning at spart.sv(62): truncated value with size 32 to match size of target (5) File: I:/ece554/Battleship/Verilog/spart/spart.sv Line: 62
Warning (10230): Verilog HDL assignment warning at spart.sv(69): truncated value with size 32 to match size of target (5) File: I:/ece554/Battleship/Verilog/spart/spart.sv Line: 69
Warning (10230): Verilog HDL assignment warning at spart.sv(90): truncated value with size 32 to match size of target (5) File: I:/ece554/Battleship/Verilog/spart/spart.sv Line: 90
Info (12128): Elaborating entity "baud_rate" for hierarchy "rtl_top:u_rtl_top|spart_top:spart_top_i|spart:spart0|baud_rate:baud0" File: I:/ece554/Battleship/Verilog/spart/spart.sv Line: 100
Warning (10230): Verilog HDL assignment warning at baud_rate.sv(33): truncated value with size 32 to match size of target (16) File: I:/ece554/Battleship/Verilog/spart/baud_rate.sv Line: 33
Info (12128): Elaborating entity "driver" for hierarchy "rtl_top:u_rtl_top|spart_top:spart_top_i|driver:driver0" File: I:/ece554/Battleship/Verilog/spart/spart_top.sv Line: 45
Warning (10036): Verilog HDL or VHDL warning at driver.sv(34): object "baudrate" assigned a value but never read File: I:/ece554/Battleship/Verilog/spart/driver.sv Line: 34
Warning (13046): Tri-state node(s) do not directly drive top-level pin(s)
    Warning (13048): Converted tri-state node "rtl_top:u_rtl_top|spart_top:spart_top_i|databus[7]" into a selector File: I:/ece554/Battleship/Verilog/rtl_top.sv Line: 31
    Warning (13048): Converted tri-state node "rtl_top:u_rtl_top|spart_top:spart_top_i|databus[6]" into a selector File: I:/ece554/Battleship/Verilog/rtl_top.sv Line: 31
    Warning (13048): Converted tri-state node "rtl_top:u_rtl_top|spart_top:spart_top_i|databus[5]" into a selector File: I:/ece554/Battleship/Verilog/rtl_top.sv Line: 31
    Warning (13048): Converted tri-state node "rtl_top:u_rtl_top|spart_top:spart_top_i|databus[4]" into a selector File: I:/ece554/Battleship/Verilog/rtl_top.sv Line: 31
    Warning (13048): Converted tri-state node "rtl_top:u_rtl_top|spart_top:spart_top_i|databus[3]" into a selector File: I:/ece554/Battleship/Verilog/rtl_top.sv Line: 31
    Warning (13048): Converted tri-state node "rtl_top:u_rtl_top|spart_top:spart_top_i|databus[2]" into a selector File: I:/ece554/Battleship/Verilog/rtl_top.sv Line: 31
    Warning (13048): Converted tri-state node "rtl_top:u_rtl_top|spart_top:spart_top_i|databus[1]" into a selector File: I:/ece554/Battleship/Verilog/rtl_top.sv Line: 31
    Warning (13048): Converted tri-state node "rtl_top:u_rtl_top|spart_top:spart_top_i|databus[0]" into a selector File: I:/ece554/Battleship/Verilog/rtl_top.sv Line: 31
Warning (12241): 1 hierarchies have connectivity warnings - see the Connectivity Checks report folder
Warning (13034): The following nodes have both tri-state and non-tri-state drivers
    Warning (13035): Inserted always-enabled tri-state buffer between "GPIO[3]" and its non-tri-state driver. File: I:/ece554/Battleship/Verilog/rtl_top_test.v Line: 49
Warning (13039): The following bidirectional pins have no drivers
    Warning (13040): bidirectional pin "PS2_CLK" has no driver File: I:/ece554/Battleship/Verilog/rtl_top_test.v Line: 29
    Warning (13040): bidirectional pin "PS2_CLK2" has no driver File: I:/ece554/Battleship/Verilog/rtl_top_test.v Line: 30
    Warning (13040): bidirectional pin "PS2_DAT" has no driver File: I:/ece554/Battleship/Verilog/rtl_top_test.v Line: 31
    Warning (13040): bidirectional pin "PS2_DAT2" has no driver File: I:/ece554/Battleship/Verilog/rtl_top_test.v Line: 32
    Warning (13040): bidirectional pin "GPIO[0]" has no driver File: I:/ece554/Battleship/Verilog/rtl_top_test.v Line: 49
    Warning (13040): bidirectional pin "GPIO[1]" has no driver File: I:/ece554/Battleship/Verilog/rtl_top_test.v Line: 49
    Warning (13040): bidirectional pin "GPIO[2]" has no driver File: I:/ece554/Battleship/Verilog/rtl_top_test.v Line: 49
    Warning (13040): bidirectional pin "GPIO[4]" has no driver File: I:/ece554/Battleship/Verilog/rtl_top_test.v Line: 49
    Warning (13040): bidirectional pin "GPIO[5]" has no driver File: I:/ece554/Battleship/Verilog/rtl_top_test.v Line: 49
    Warning (13040): bidirectional pin "GPIO[6]" has no driver File: I:/ece554/Battleship/Verilog/rtl_top_test.v Line: 49
    Warning (13040): bidirectional pin "GPIO[7]" has no driver File: I:/ece554/Battleship/Verilog/rtl_top_test.v Line: 49
    Warning (13040): bidirectional pin "GPIO[8]" has no driver File: I:/ece554/Battleship/Verilog/rtl_top_test.v Line: 49
    Warning (13040): bidirectional pin "GPIO[9]" has no driver File: I:/ece554/Battleship/Verilog/rtl_top_test.v Line: 49
    Warning (13040): bidirectional pin "GPIO[10]" has no driver File: I:/ece554/Battleship/Verilog/rtl_top_test.v Line: 49
    Warning (13040): bidirectional pin "GPIO[11]" has no driver File: I:/ece554/Battleship/Verilog/rtl_top_test.v Line: 49
    Warning (13040): bidirectional pin "GPIO[12]" has no driver File: I:/ece554/Battleship/Verilog/rtl_top_test.v Line: 49
    Warning (13040): bidirectional pin "GPIO[13]" has no driver File: I:/ece554/Battleship/Verilog/rtl_top_test.v Line: 49
    Warning (13040): bidirectional pin "GPIO[14]" has no driver File: I:/ece554/Battleship/Verilog/rtl_top_test.v Line: 49
    Warning (13040): bidirectional pin "GPIO[15]" has no driver File: I:/ece554/Battleship/Verilog/rtl_top_test.v Line: 49
    Warning (13040): bidirectional pin "GPIO[16]" has no driver File: I:/ece554/Battleship/Verilog/rtl_top_test.v Line: 49
    Warning (13040): bidirectional pin "GPIO[17]" has no driver File: I:/ece554/Battleship/Verilog/rtl_top_test.v Line: 49
    Warning (13040): bidirectional pin "GPIO[18]" has no driver File: I:/ece554/Battleship/Verilog/rtl_top_test.v Line: 49
    Warning (13040): bidirectional pin "GPIO[19]" has no driver File: I:/ece554/Battleship/Verilog/rtl_top_test.v Line: 49
    Warning (13040): bidirectional pin "GPIO[20]" has no driver File: I:/ece554/Battleship/Verilog/rtl_top_test.v Line: 49
    Warning (13040): bidirectional pin "GPIO[21]" has no driver File: I:/ece554/Battleship/Verilog/rtl_top_test.v Line: 49
    Warning (13040): bidirectional pin "GPIO[22]" has no driver File: I:/ece554/Battleship/Verilog/rtl_top_test.v Line: 49
    Warning (13040): bidirectional pin "GPIO[23]" has no driver File: I:/ece554/Battleship/Verilog/rtl_top_test.v Line: 49
    Warning (13040): bidirectional pin "GPIO[24]" has no driver File: I:/ece554/Battleship/Verilog/rtl_top_test.v Line: 49
    Warning (13040): bidirectional pin "GPIO[25]" has no driver File: I:/ece554/Battleship/Verilog/rtl_top_test.v Line: 49
    Warning (13040): bidirectional pin "GPIO[26]" has no driver File: I:/ece554/Battleship/Verilog/rtl_top_test.v Line: 49
    Warning (13040): bidirectional pin "GPIO[27]" has no driver File: I:/ece554/Battleship/Verilog/rtl_top_test.v Line: 49
    Warning (13040): bidirectional pin "GPIO[28]" has no driver File: I:/ece554/Battleship/Verilog/rtl_top_test.v Line: 49
    Warning (13040): bidirectional pin "GPIO[29]" has no driver File: I:/ece554/Battleship/Verilog/rtl_top_test.v Line: 49
    Warning (13040): bidirectional pin "GPIO[30]" has no driver File: I:/ece554/Battleship/Verilog/rtl_top_test.v Line: 49
    Warning (13040): bidirectional pin "GPIO[31]" has no driver File: I:/ece554/Battleship/Verilog/rtl_top_test.v Line: 49
    Warning (13040): bidirectional pin "GPIO[32]" has no driver File: I:/ece554/Battleship/Verilog/rtl_top_test.v Line: 49
    Warning (13040): bidirectional pin "GPIO[33]" has no driver File: I:/ece554/Battleship/Verilog/rtl_top_test.v Line: 49
    Warning (13040): bidirectional pin "GPIO[34]" has no driver File: I:/ece554/Battleship/Verilog/rtl_top_test.v Line: 49
    Warning (13040): bidirectional pin "GPIO[35]" has no driver File: I:/ece554/Battleship/Verilog/rtl_top_test.v Line: 49
Warning (13009): TRI or OPNDRN buffers permanently enabled
    Warning (13010): Node "GPIO[3]~synth" File: I:/ece554/Battleship/Verilog/rtl_top_test.v Line: 49
Warning (13024): Output pins are stuck at VCC or GND
    Warning (13410): Pin "HEX0[0]" is stuck at GND File: I:/ece554/Battleship/Verilog/rtl_top_test.v Line: 15
    Warning (13410): Pin "HEX0[1]" is stuck at GND File: I:/ece554/Battleship/Verilog/rtl_top_test.v Line: 15
    Warning (13410): Pin "HEX0[2]" is stuck at GND File: I:/ece554/Battleship/Verilog/rtl_top_test.v Line: 15
    Warning (13410): Pin "HEX0[3]" is stuck at GND File: I:/ece554/Battleship/Verilog/rtl_top_test.v Line: 15
    Warning (13410): Pin "HEX0[4]" is stuck at GND File: I:/ece554/Battleship/Verilog/rtl_top_test.v Line: 15
    Warning (13410): Pin "HEX0[5]" is stuck at GND File: I:/ece554/Battleship/Verilog/rtl_top_test.v Line: 15
    Warning (13410): Pin "HEX0[6]" is stuck at GND File: I:/ece554/Battleship/Verilog/rtl_top_test.v Line: 15
    Warning (13410): Pin "HEX1[0]" is stuck at GND File: I:/ece554/Battleship/Verilog/rtl_top_test.v Line: 16
    Warning (13410): Pin "HEX1[1]" is stuck at GND File: I:/ece554/Battleship/Verilog/rtl_top_test.v Line: 16
    Warning (13410): Pin "HEX1[2]" is stuck at GND File: I:/ece554/Battleship/Verilog/rtl_top_test.v Line: 16
    Warning (13410): Pin "HEX1[3]" is stuck at GND File: I:/ece554/Battleship/Verilog/rtl_top_test.v Line: 16
    Warning (13410): Pin "HEX1[4]" is stuck at GND File: I:/ece554/Battleship/Verilog/rtl_top_test.v Line: 16
    Warning (13410): Pin "HEX1[5]" is stuck at GND File: I:/ece554/Battleship/Verilog/rtl_top_test.v Line: 16
    Warning (13410): Pin "HEX1[6]" is stuck at GND File: I:/ece554/Battleship/Verilog/rtl_top_test.v Line: 16
    Warning (13410): Pin "HEX2[0]" is stuck at GND File: I:/ece554/Battleship/Verilog/rtl_top_test.v Line: 17
    Warning (13410): Pin "HEX2[1]" is stuck at GND File: I:/ece554/Battleship/Verilog/rtl_top_test.v Line: 17
    Warning (13410): Pin "HEX2[2]" is stuck at GND File: I:/ece554/Battleship/Verilog/rtl_top_test.v Line: 17
    Warning (13410): Pin "HEX2[3]" is stuck at GND File: I:/ece554/Battleship/Verilog/rtl_top_test.v Line: 17
    Warning (13410): Pin "HEX2[4]" is stuck at GND File: I:/ece554/Battleship/Verilog/rtl_top_test.v Line: 17
    Warning (13410): Pin "HEX2[5]" is stuck at GND File: I:/ece554/Battleship/Verilog/rtl_top_test.v Line: 17
    Warning (13410): Pin "HEX2[6]" is stuck at GND File: I:/ece554/Battleship/Verilog/rtl_top_test.v Line: 17
    Warning (13410): Pin "HEX3[0]" is stuck at GND File: I:/ece554/Battleship/Verilog/rtl_top_test.v Line: 18
    Warning (13410): Pin "HEX3[1]" is stuck at GND File: I:/ece554/Battleship/Verilog/rtl_top_test.v Line: 18
    Warning (13410): Pin "HEX3[2]" is stuck at GND File: I:/ece554/Battleship/Verilog/rtl_top_test.v Line: 18
    Warning (13410): Pin "HEX3[3]" is stuck at GND File: I:/ece554/Battleship/Verilog/rtl_top_test.v Line: 18
    Warning (13410): Pin "HEX3[4]" is stuck at GND File: I:/ece554/Battleship/Verilog/rtl_top_test.v Line: 18
    Warning (13410): Pin "HEX3[5]" is stuck at GND File: I:/ece554/Battleship/Verilog/rtl_top_test.v Line: 18
    Warning (13410): Pin "HEX3[6]" is stuck at GND File: I:/ece554/Battleship/Verilog/rtl_top_test.v Line: 18
    Warning (13410): Pin "HEX4[0]" is stuck at GND File: I:/ece554/Battleship/Verilog/rtl_top_test.v Line: 19
    Warning (13410): Pin "HEX4[1]" is stuck at GND File: I:/ece554/Battleship/Verilog/rtl_top_test.v Line: 19
    Warning (13410): Pin "HEX4[2]" is stuck at GND File: I:/ece554/Battleship/Verilog/rtl_top_test.v Line: 19
    Warning (13410): Pin "HEX4[3]" is stuck at GND File: I:/ece554/Battleship/Verilog/rtl_top_test.v Line: 19
    Warning (13410): Pin "HEX4[4]" is stuck at GND File: I:/ece554/Battleship/Verilog/rtl_top_test.v Line: 19
    Warning (13410): Pin "HEX4[5]" is stuck at GND File: I:/ece554/Battleship/Verilog/rtl_top_test.v Line: 19
    Warning (13410): Pin "HEX4[6]" is stuck at GND File: I:/ece554/Battleship/Verilog/rtl_top_test.v Line: 19
    Warning (13410): Pin "HEX5[0]" is stuck at GND File: I:/ece554/Battleship/Verilog/rtl_top_test.v Line: 20
    Warning (13410): Pin "HEX5[1]" is stuck at GND File: I:/ece554/Battleship/Verilog/rtl_top_test.v Line: 20
    Warning (13410): Pin "HEX5[2]" is stuck at GND File: I:/ece554/Battleship/Verilog/rtl_top_test.v Line: 20
    Warning (13410): Pin "HEX5[3]" is stuck at GND File: I:/ece554/Battleship/Verilog/rtl_top_test.v Line: 20
    Warning (13410): Pin "HEX5[4]" is stuck at GND File: I:/ece554/Battleship/Verilog/rtl_top_test.v Line: 20
    Warning (13410): Pin "HEX5[5]" is stuck at GND File: I:/ece554/Battleship/Verilog/rtl_top_test.v Line: 20
    Warning (13410): Pin "HEX5[6]" is stuck at GND File: I:/ece554/Battleship/Verilog/rtl_top_test.v Line: 20
    Warning (13410): Pin "LEDR[8]" is stuck at GND File: I:/ece554/Battleship/Verilog/rtl_top_test.v Line: 26
    Warning (13410): Pin "LEDR[9]" is stuck at GND File: I:/ece554/Battleship/Verilog/rtl_top_test.v Line: 26
    Warning (13410): Pin "VGA_BLANK_N" is stuck at GND File: I:/ece554/Battleship/Verilog/rtl_top_test.v Line: 38
    Warning (13410): Pin "VGA_B[0]" is stuck at GND File: I:/ece554/Battleship/Verilog/rtl_top_test.v Line: 39
    Warning (13410): Pin "VGA_B[1]" is stuck at GND File: I:/ece554/Battleship/Verilog/rtl_top_test.v Line: 39
    Warning (13410): Pin "VGA_B[2]" is stuck at GND File: I:/ece554/Battleship/Verilog/rtl_top_test.v Line: 39
    Warning (13410): Pin "VGA_B[3]" is stuck at GND File: I:/ece554/Battleship/Verilog/rtl_top_test.v Line: 39
    Warning (13410): Pin "VGA_B[4]" is stuck at GND File: I:/ece554/Battleship/Verilog/rtl_top_test.v Line: 39
    Warning (13410): Pin "VGA_B[5]" is stuck at GND File: I:/ece554/Battleship/Verilog/rtl_top_test.v Line: 39
    Warning (13410): Pin "VGA_B[6]" is stuck at GND File: I:/ece554/Battleship/Verilog/rtl_top_test.v Line: 39
    Warning (13410): Pin "VGA_B[7]" is stuck at GND File: I:/ece554/Battleship/Verilog/rtl_top_test.v Line: 39
    Warning (13410): Pin "VGA_CLK" is stuck at GND File: I:/ece554/Battleship/Verilog/rtl_top_test.v Line: 40
    Warning (13410): Pin "VGA_G[0]" is stuck at GND File: I:/ece554/Battleship/Verilog/rtl_top_test.v Line: 41
    Warning (13410): Pin "VGA_G[1]" is stuck at GND File: I:/ece554/Battleship/Verilog/rtl_top_test.v Line: 41
    Warning (13410): Pin "VGA_G[2]" is stuck at GND File: I:/ece554/Battleship/Verilog/rtl_top_test.v Line: 41
    Warning (13410): Pin "VGA_G[3]" is stuck at GND File: I:/ece554/Battleship/Verilog/rtl_top_test.v Line: 41
    Warning (13410): Pin "VGA_G[4]" is stuck at GND File: I:/ece554/Battleship/Verilog/rtl_top_test.v Line: 41
    Warning (13410): Pin "VGA_G[5]" is stuck at GND File: I:/ece554/Battleship/Verilog/rtl_top_test.v Line: 41
    Warning (13410): Pin "VGA_G[6]" is stuck at GND File: I:/ece554/Battleship/Verilog/rtl_top_test.v Line: 41
    Warning (13410): Pin "VGA_G[7]" is stuck at GND File: I:/ece554/Battleship/Verilog/rtl_top_test.v Line: 41
    Warning (13410): Pin "VGA_HS" is stuck at GND File: I:/ece554/Battleship/Verilog/rtl_top_test.v Line: 42
    Warning (13410): Pin "VGA_R[0]" is stuck at GND File: I:/ece554/Battleship/Verilog/rtl_top_test.v Line: 43
    Warning (13410): Pin "VGA_R[1]" is stuck at GND File: I:/ece554/Battleship/Verilog/rtl_top_test.v Line: 43
    Warning (13410): Pin "VGA_R[2]" is stuck at GND File: I:/ece554/Battleship/Verilog/rtl_top_test.v Line: 43
    Warning (13410): Pin "VGA_R[3]" is stuck at GND File: I:/ece554/Battleship/Verilog/rtl_top_test.v Line: 43
    Warning (13410): Pin "VGA_R[4]" is stuck at GND File: I:/ece554/Battleship/Verilog/rtl_top_test.v Line: 43
    Warning (13410): Pin "VGA_R[5]" is stuck at GND File: I:/ece554/Battleship/Verilog/rtl_top_test.v Line: 43
    Warning (13410): Pin "VGA_R[6]" is stuck at GND File: I:/ece554/Battleship/Verilog/rtl_top_test.v Line: 43
    Warning (13410): Pin "VGA_R[7]" is stuck at GND File: I:/ece554/Battleship/Verilog/rtl_top_test.v Line: 43
    Warning (13410): Pin "VGA_SYNC_N" is stuck at GND File: I:/ece554/Battleship/Verilog/rtl_top_test.v Line: 44
    Warning (13410): Pin "VGA_VS" is stuck at GND File: I:/ece554/Battleship/Verilog/rtl_top_test.v Line: 45
Info (286030): Timing-Driven Synthesis is running
Warning (20013): Ignored 13 assignments for entity "vga_pll" -- entity does not exist in design
Warning (20013): Ignored 317 assignments for entity "vga_pll_0002" -- entity does not exist in design
Info (144001): Generated suppressed messages file I:/ece554/Battleship/Verilog/rtl_top_test.map.smsg
Info (16010): Generating hard_block partition "hard_block:auto_generated_inst"
    Info (16011): Adding 0 node(s), including 0 DDIO, 0 PLL, 0 transceiver and 0 LCELL
Warning (21074): Design contains 7 input pin(s) that do not drive logic
    Warning (15610): No output dependent on input pin "CLOCK2_50" File: I:/ece554/Battleship/Verilog/rtl_top_test.v Line: 9
    Warning (15610): No output dependent on input pin "CLOCK3_50" File: I:/ece554/Battleship/Verilog/rtl_top_test.v Line: 10
    Warning (15610): No output dependent on input pin "CLOCK4_50" File: I:/ece554/Battleship/Verilog/rtl_top_test.v Line: 11
    Warning (15610): No output dependent on input pin "KEY[2]" File: I:/ece554/Battleship/Verilog/rtl_top_test.v Line: 23
    Warning (15610): No output dependent on input pin "KEY[3]" File: I:/ece554/Battleship/Verilog/rtl_top_test.v Line: 23
    Warning (15610): No output dependent on input pin "SW[8]" File: I:/ece554/Battleship/Verilog/rtl_top_test.v Line: 35
    Warning (15610): No output dependent on input pin "SW[9]" File: I:/ece554/Battleship/Verilog/rtl_top_test.v Line: 35
Info (21057): Implemented 224 device resources after synthesis - the final resource count might be different
    Info (21058): Implemented 18 input pins
    Info (21059): Implemented 81 output pins
    Info (21060): Implemented 40 bidirectional pins
    Info (21061): Implemented 85 logic cells
Info: Quartus Prime Analysis & Synthesis was successful. 0 errors, 159 warnings
    Info: Peak virtual memory: 4875 megabytes
    Info: Processing ended: Tue Apr 15 22:28:23 2025
    Info: Elapsed time: 00:00:26
    Info: Total CPU time (on all processors): 00:00:17


+------------------------------------------+
; Analysis & Synthesis Suppressed Messages ;
+------------------------------------------+
The suppressed messages can be found in I:/ece554/Battleship/Verilog/rtl_top_test.map.smsg.


